<!DOCTYPE html>
<html>
<head>
</head>
<body>
<script src="dest/basic/js/angular.min.js"></script>
<script src="dest/basic/js/angular-animate.js"></script>
<script src="dest/basic/js/angular-ui-router.min.js"></script>
</body>
</html>