<!DOCTYPE html>
<html>
<head>
</head>
<body>
<script src="http://code.jquery.com/jquery-latest.js"></script>
</body>
</html>