<!DOCTYPE html>
<html>
<head>
</head>
<body>
<script src="testworked.js"></script>
</body>
</html>