<!DOCTYPE html>
<html>
<head>
<link href="http://maxcdn.bootstrapcdn.com/bootstrap/3.3.4/css/bootstrap.min.css" rel="stylesheet">
</head>
<body>
<script src="http://cdnjs.cloudflare.com/ajax/libs/angular.js/1.3.15/angular.min.js"></script>
<script src="http://ajax.googleapis.com/ajax/libs/angularjs/1.3.15/angular-animate.js"></script>
<script src="http://cdnjs.cloudflare.com/ajax/libs/angular-ui-router/0.2.13/angular-ui-router.min.js"></script>
<script src="http://tombatossals.github.io/angular-leaflet-directive/dist/angular-leaflet-directive.min.js"></script>
<script src="http://ajax.googleapis.com/ajax/libs/jquery/1.11.1/jquery.min.js"></script>
<script src="http://maxcdn.bootstrapcdn.com/bootstrap/3.3.4/js/bootstrap.min.js"></script>
<script src="http://cdn.leafletjs.com/leaflet-0.7.3/leaflet.js"></script>
<script src="http://cdnjs.cloudflare.com/ajax/libs/d3/3.5.5/d3.min.js"></script>
<script src="http://cdnjs.cloudflare.com/ajax/libs/c3/0.4.10/c3.min.js"></script>
</body>
</html>