<!DOCTYPE html>
<html>
<head>
<link href="tmp/static/bootstrap.min.css" rel="stylesheet">
</head>
<body>
<script src="tmp/static/angular.min.js"></script>
<script src="tmp/static/angular-animate.js"></script>
<script src="tmp/static/angular-ui-router.min.js"></script>
<script src="tmp/static/angular-leaflet-directive.min.js"></script>
<script src="tmp/static/jquery.min.js"></script>
<script src="tmp/static/bootstrap.min.js"></script>
<script src="tmp/static/leaflet.js"></script>
<script src="tmp/static/d3.min.js"></script>
<script src="tmp/static/c3.min.js"></script>
</body>
</html>