<!DOCTYPE html>
<html>
<head>
</head>
<body>
<script src="dest/newer/js/jquery-latest.js"></script>
</body>
</html>